app/layout.tsx(198,23): error TS2322: Type 'import("C:/Users/Stuart/Desktop/9YARDS/9Yards Official/9Yards-gear/lib/airtable").GearItem[]' is not assignable to type 'import("C:/Users/Stuart/Desktop/9YARDS/9Yards Official/9Yards-gear/lib/gear-context").GearItem[]'.
  Type 'import("C:/Users/Stuart/Desktop/9YARDS/9Yards Official/9Yards-gear/lib/airtable").GearItem' is not assignable to type 'import("C:/Users/Stuart/Desktop/9YARDS/9Yards Official/9Yards-gear/lib/gear-context").GearItem'.
    Types of property 'specs' are incompatible.
      Type 'import("C:/Users/Stuart/Desktop/9YARDS/9Yards Official/9Yards-gear/lib/airtable").GearSpecs' is not assignable to type 'import("C:/Users/Stuart/Desktop/9YARDS/9Yards Official/9Yards-gear/lib/gear-context").GearSpecs'.
        'string' index signatures are incompatible.
          Type 'string | undefined' is not assignable to type 'string | number | boolean'.
            Type 'undefined' is not assignable to type 'string | number | boolean'.
components/admin/admin-dashboard.tsx(193,17): error TS2345: Argument of type 'Promise<Booking[]>' is not assignable to parameter of type 'SetStateAction<any[]>'.
components/gear/synced-booking-section.tsx(34,20): error TS2322: Type 'import("C:/Users/Stuart/Desktop/9YARDS/9Yards Official/9Yards-gear/lib/airtable").GearItem' is not assignable to type 'import("C:/Users/Stuart/Desktop/9YARDS/9Yards Official/9Yards-gear/lib/gear-context").GearItem'.
  Types of property 'specs' are incompatible.
    Type 'import("C:/Users/Stuart/Desktop/9YARDS/9Yards Official/9Yards-gear/lib/airtable").GearSpecs' is not assignable to type 'import("C:/Users/Stuart/Desktop/9YARDS/9Yards Official/9Yards-gear/lib/gear-context").GearSpecs'.
      'string' index signatures are incompatible.
        Type 'string | undefined' is not assignable to type 'string | number | boolean'.
          Type 'undefined' is not assignable to type 'string | number | boolean'.
components/home/featured-gear.tsx(29,37): error TS2322: Type 'import("C:/Users/Stuart/Desktop/9YARDS/9Yards Official/9Yards-gear/lib/airtable").GearItem' is not assignable to type 'import("C:/Users/Stuart/Desktop/9YARDS/9Yards Official/9Yards-gear/lib/gear-context").GearItem'.
  Types of property 'specs' are incompatible.
    Type 'import("C:/Users/Stuart/Desktop/9YARDS/9Yards Official/9Yards-gear/lib/airtable").GearSpecs' is not assignable to type 'import("C:/Users/Stuart/Desktop/9YARDS/9Yards Official/9Yards-gear/lib/gear-context").GearSpecs'.
      'string' index signatures are incompatible.
        Type 'string | undefined' is not assignable to type 'string | number | boolean'.
          Type 'undefined' is not assignable to type 'string | number | boolean'.
components/home/hero-section.tsx(23,12): error TS2304: Cannot find name 'Button'.
components/home/hero-section.tsx(24,14): error TS2304: Cannot find name 'Link'.
components/home/hero-section.tsx(26,15): error TS2304: Cannot find name 'Link'.
components/home/hero-section.tsx(27,13): error TS2304: Cannot find name 'Button'.
components/home/hero-section.tsx(29,12): error TS2304: Cannot find name 'Link'.
components/home/hero-section.tsx(34,14): error TS2304: Cannot find name 'ChevronRight'.
components/home/hero-section.tsx(35,13): error TS2304: Cannot find name 'Link'.
components/reviews/review-form.tsx(58,9): error TS2561: Object literal may only specify known properties, but 'gearId' does not exist in type 'Omit<Review, "id" | "status" | "airtableRecordId" | "created_at" | "helpful_count" | "verified" | "review_id">'. Did you mean to write 'gear_id'?
lib/reviews.ts(70,47): error TS2345: Argument of type '{ booking_id: string | undefined; title: string; gear_id: string; user_email: string; user_name: string; rating: number; comment: string; photos?: GearImage[] | undefined; }' is not assignable to parameter of type 'Omit<Review, "id" | "status" | "airtableRecordId" | "created_at" | "helpful_count" | "verified">'.
  Property 'review_id' is missing in type '{ booking_id: string | undefined; title: string; gear_id: string; user_email: string; user_name: string; rating: number; comment: string; photos?: GearImage[] | undefined; }' but required in type 'Omit<Review, "id" | "status" | "airtableRecordId" | "created_at" | "helpful_count" | "verified">'.
